source: |-
  section data:
  section text:
  _start:
      ld IN
      cmp #0
      JE end
      st OUT
      jmp _start

  end:
      hlt
input: |
  Hi! How are you?
struct_code: |
  JMP  3
       #0
       #0
   LD  1
  CMP  #0
   JE  8
   ST  2
  JMP  3
  HLT  
binary_code: !!binary |
  8AAAAwAAAAAAAAAAIAAAAagAAACwAAAIMAAAAvAAAAMQAAAA
log: |+
  INFO machine:simulation { INPUT MESSAGE } [ `Hi! How are you?
  ` ]
  INFO machine:simulation { INPUT TOKENS  } [ 72,105,33,32,72,111,119,32,97,114,101,32,121,111,117,63,10 ]
  DEBUG machine:new_tick {TICK: 0 IP: 0 DA: 0} IR: 0x0 ACC: 0 ALU [a:0 b:0 => 0] FLAGS: [Z:0 N:0]  Action: NOP 0 
  DEBUG machine:new_tick {TICK: 1 IP: 1 DA: 0} IR: 0xf0000003 ACC: 0 ALU [a:0 b:0 => 0] FLAGS: [Z:0 N:0]  Action: JMP 3 
  DEBUG machine:new_tick {TICK: 2 IP: 3 DA: 0} IR: 0xf0000003 ACC: 0 ALU [a:0 b:0 => 0] FLAGS: [Z:0 N:0]  Action: JMP 3 
  DEBUG machine:new_tick {TICK: 3 IP: 4 DA: 3} IR: 0x20000001 ACC: 0 ALU [a:0 b:0 => 0] FLAGS: [Z:0 N:0]  Action: LD 1 
  DEBUG machine:new_tick {TICK: 4 IP: 4 DA: 1} IR: 0x20000001 ACC: 0 ALU [a:0 b:0 => 0] FLAGS: [Z:0 N:0]  Action: LD 1 
  DEBUG machine:new_tick {TICK: 5 IP: 4 DA: 1} IR: 0x20000001 ACC: 72 ALU [a:0 b:0 => 0] FLAGS: [Z:0 N:0]  Action: LD 1 
  DEBUG machine:new_tick {TICK: 6 IP: 5 DA: 4} IR: 0xa8000000 ACC: 72 ALU [a:0 b:0 => 0] FLAGS: [Z:0 N:0]  Action: CMP #0 
  DEBUG machine:new_tick {TICK: 7 IP: 5 DA: 4} IR: 0xa8000000 ACC: 72 ALU [a:72 b:0 => 72] FLAGS: [Z:0 N:0]  Action: CMP #0 
  DEBUG machine:new_tick {TICK: 8 IP: 6 DA: 5} IR: 0xb0000008 ACC: 72 ALU [a:72 b:0 => 72] FLAGS: [Z:0 N:0]  Action: JE 8 
  DEBUG machine:new_tick {TICK: 9 IP: 7 DA: 6} IR: 0x30000002 ACC: 72 ALU [a:72 b:0 => 72] FLAGS: [Z:0 N:0]  Action: ST 2 
  DEBUG machine:new_tick {TICK: 10 IP: 7 DA: 2} IR: 0x30000002 ACC: 72 ALU [a:72 b:0 => 72] FLAGS: [Z:0 N:0]  Action: ST 2 
  DEBUG machine:new_tick {TICK: 11 IP: 7 DA: 2} IR: 0x30000002 ACC: 72 ALU [a:72 b:0 => 72] FLAGS: [Z:0 N:0]  Action: ST 2 
  DEBUG machine:new_tick {TICK: 12 IP: 8 DA: 7} IR: 0xf0000003 ACC: 72 ALU [a:72 b:0 => 72] FLAGS: [Z:0 N:0]  Action: JMP 3 
  DEBUG machine:new_tick {TICK: 13 IP: 3 DA: 7} IR: 0xf0000003 ACC: 72 ALU [a:72 b:0 => 72] FLAGS: [Z:0 N:0]  Action: JMP 3 
  DEBUG machine:new_tick {TICK: 14 IP: 4 DA: 3} IR: 0x20000001 ACC: 72 ALU [a:72 b:0 => 72] FLAGS: [Z:0 N:0]  Action: LD 1 
  DEBUG machine:new_tick {TICK: 15 IP: 4 DA: 1} IR: 0x20000001 ACC: 72 ALU [a:72 b:0 => 72] FLAGS: [Z:0 N:0]  Action: LD 1 
  DEBUG machine:new_tick {TICK: 16 IP: 4 DA: 1} IR: 0x20000001 ACC: 105 ALU [a:72 b:0 => 72] FLAGS: [Z:0 N:0]  Action: LD 1 
  DEBUG machine:new_tick {TICK: 17 IP: 5 DA: 4} IR: 0xa8000000 ACC: 105 ALU [a:72 b:0 => 72] FLAGS: [Z:0 N:0]  Action: CMP #0 
  DEBUG machine:new_tick {TICK: 18 IP: 5 DA: 4} IR: 0xa8000000 ACC: 105 ALU [a:105 b:0 => 105] FLAGS: [Z:0 N:0]  Action: CMP #0 
  DEBUG machine:new_tick {TICK: 19 IP: 6 DA: 5} IR: 0xb0000008 ACC: 105 ALU [a:105 b:0 => 105] FLAGS: [Z:0 N:0]  Action: JE 8 
  DEBUG machine:new_tick {TICK: 20 IP: 7 DA: 6} IR: 0x30000002 ACC: 105 ALU [a:105 b:0 => 105] FLAGS: [Z:0 N:0]  Action: ST 2 
  DEBUG machine:new_tick {TICK: 21 IP: 7 DA: 2} IR: 0x30000002 ACC: 105 ALU [a:105 b:0 => 105] FLAGS: [Z:0 N:0]  Action: ST 2 
  DEBUG machine:new_tick {TICK: 22 IP: 7 DA: 2} IR: 0x30000002 ACC: 105 ALU [a:105 b:0 => 105] FLAGS: [Z:0 N:0]  Action: ST 2 
  DEBUG machine:new_tick {TICK: 23 IP: 8 DA: 7} IR: 0xf0000003 ACC: 105 ALU [a:105 b:0 => 105] FLAGS: [Z:0 N:0]  Action: JMP 3 
  DEBUG machine:new_tick {TICK: 24 IP: 3 DA: 7} IR: 0xf0000003 ACC: 105 ALU [a:105 b:0 => 105] FLAGS: [Z:0 N:0]  Action: JMP 3 
  DEBUG machine:new_tick {TICK: 25 IP: 4 DA: 3} IR: 0x20000001 ACC: 105 ALU [a:105 b:0 => 105] FLAGS: [Z:0 N:0]  Action: LD 1 
  DEBUG machine:new_tick {TICK: 26 IP: 4 DA: 1} IR: 0x20000001 ACC: 105 ALU [a:105 b:0 => 105] FLAGS: [Z:0 N:0]  Action: LD 1 
  DEBUG machine:new_tick {TICK: 27 IP: 4 DA: 1} IR: 0x20000001 ACC: 33 ALU [a:105 b:0 => 105] FLAGS: [Z:0 N:0]  Action: LD 1 
  DEBUG machine:new_tick {TICK: 28 IP: 5 DA: 4} IR: 0xa8000000 ACC: 33 ALU [a:105 b:0 => 105] FLAGS: [Z:0 N:0]  Action: CMP #0 
  DEBUG machine:new_tick {TICK: 29 IP: 5 DA: 4} IR: 0xa8000000 ACC: 33 ALU [a:33 b:0 => 33] FLAGS: [Z:0 N:0]  Action: CMP #0 
  DEBUG machine:new_tick {TICK: 30 IP: 6 DA: 5} IR: 0xb0000008 ACC: 33 ALU [a:33 b:0 => 33] FLAGS: [Z:0 N:0]  Action: JE 8 
  DEBUG machine:new_tick {TICK: 31 IP: 7 DA: 6} IR: 0x30000002 ACC: 33 ALU [a:33 b:0 => 33] FLAGS: [Z:0 N:0]  Action: ST 2 
  DEBUG machine:new_tick {TICK: 32 IP: 7 DA: 2} IR: 0x30000002 ACC: 33 ALU [a:33 b:0 => 33] FLAGS: [Z:0 N:0]  Action: ST 2 
  DEBUG machine:new_tick {TICK: 33 IP: 7 DA: 2} IR: 0x30000002 ACC: 33 ALU [a:33 b:0 => 33] FLAGS: [Z:0 N:0]  Action: ST 2 
  DEBUG machine:new_tick {TICK: 34 IP: 8 DA: 7} IR: 0xf0000003 ACC: 33 ALU [a:33 b:0 => 33] FLAGS: [Z:0 N:0]  Action: JMP 3 
  DEBUG machine:new_tick {TICK: 35 IP: 3 DA: 7} IR: 0xf0000003 ACC: 33 ALU [a:33 b:0 => 33] FLAGS: [Z:0 N:0]  Action: JMP 3 
  DEBUG machine:new_tick {TICK: 36 IP: 4 DA: 3} IR: 0x20000001 ACC: 33 ALU [a:33 b:0 => 33] FLAGS: [Z:0 N:0]  Action: LD 1 
  DEBUG machine:new_tick {TICK: 37 IP: 4 DA: 1} IR: 0x20000001 ACC: 33 ALU [a:33 b:0 => 33] FLAGS: [Z:0 N:0]  Action: LD 1 
  DEBUG machine:new_tick {TICK: 38 IP: 4 DA: 1} IR: 0x20000001 ACC: 32 ALU [a:33 b:0 => 33] FLAGS: [Z:0 N:0]  Action: LD 1 
  DEBUG machine:new_tick {TICK: 39 IP: 5 DA: 4} IR: 0xa8000000 ACC: 32 ALU [a:33 b:0 => 33] FLAGS: [Z:0 N:0]  Action: CMP #0 
  DEBUG machine:new_tick {TICK: 40 IP: 5 DA: 4} IR: 0xa8000000 ACC: 32 ALU [a:32 b:0 => 32] FLAGS: [Z:0 N:0]  Action: CMP #0 
  DEBUG machine:new_tick {TICK: 41 IP: 6 DA: 5} IR: 0xb0000008 ACC: 32 ALU [a:32 b:0 => 32] FLAGS: [Z:0 N:0]  Action: JE 8 
  DEBUG machine:new_tick {TICK: 42 IP: 7 DA: 6} IR: 0x30000002 ACC: 32 ALU [a:32 b:0 => 32] FLAGS: [Z:0 N:0]  Action: ST 2 
  DEBUG machine:new_tick {TICK: 43 IP: 7 DA: 2} IR: 0x30000002 ACC: 32 ALU [a:32 b:0 => 32] FLAGS: [Z:0 N:0]  Action: ST 2 
  DEBUG machine:new_tick {TICK: 44 IP: 7 DA: 2} IR: 0x30000002 ACC: 32 ALU [a:32 b:0 => 32] FLAGS: [Z:0 N:0]  Action: ST 2 
  DEBUG machine:new_tick {TICK: 45 IP: 8 DA: 7} IR: 0xf0000003 ACC: 32 ALU [a:32 b:0 => 32] FLAGS: [Z:0 N:0]  Action: JMP 3 
  DEBUG machine:new_tick {TICK: 46 IP: 3 DA: 7} IR: 0xf0000003 ACC: 32 ALU [a:32 b:0 => 32] FLAGS: [Z:0 N:0]  Action: JMP 3 
  DEBUG machine:new_tick {TICK: 47 IP: 4 DA: 3} IR: 0x20000001 ACC: 32 ALU [a:32 b:0 => 32] FLAGS: [Z:0 N:0]  Action: LD 1 
  DEBUG machine:new_tick {TICK: 48 IP: 4 DA: 1} IR: 0x20000001 ACC: 32 ALU [a:32 b:0 => 32] FLAGS: [Z:0 N:0]  Action: LD 1 
  DEBUG machine:new_tick {TICK: 49 IP: 4 DA: 1} IR: 0x20000001 ACC: 72 ALU [a:32 b:0 => 32] FLAGS: [Z:0 N:0]  Action: LD 1 
  DEBUG machine:new_tick {TICK: 50 IP: 5 DA: 4} IR: 0xa8000000 ACC: 72 ALU [a:32 b:0 => 32] FLAGS: [Z:0 N:0]  Action: CMP #0 
  DEBUG machine:new_tick {TICK: 51 IP: 5 DA: 4} IR: 0xa8000000 ACC: 72 ALU [a:72 b:0 => 72] FLAGS: [Z:0 N:0]  Action: CMP #0 
  DEBUG machine:new_tick {TICK: 52 IP: 6 DA: 5} IR: 0xb0000008 ACC: 72 ALU [a:72 b:0 => 72] FLAGS: [Z:0 N:0]  Action: JE 8 
  DEBUG machine:new_tick {TICK: 53 IP: 7 DA: 6} IR: 0x30000002 ACC: 72 ALU [a:72 b:0 => 72] FLAGS: [Z:0 N:0]  Action: ST 2 
  DEBUG machine:new_tick {TICK: 54 IP: 7 DA: 2} IR: 0x30000002 ACC: 72 ALU [a:72 b:0 => 72] FLAGS: [Z:0 N:0]  Action: ST 2 
  DEBUG machine:new_tick {TICK: 55 IP: 7 DA: 2} IR: 0x30000002 ACC: 72 ALU [a:72 b:0 => 72] FLAGS: [Z:0 N:0]  Action: ST 2 
  DEBUG machine:new_tick {TICK: 56 IP: 8 DA: 7} IR: 0xf0000003 ACC: 72 ALU [a:72 b:0 => 72] FLAGS: [Z:0 N:0]  Action: JMP 3 
  DEBUG machine:new_tick {TICK: 57 IP: 3 DA: 7} IR: 0xf0000003 ACC: 72 ALU [a:72 b:0 => 72] FLAGS: [Z:0 N:0]  Action: JMP 3 
  DEBUG machine:new_tick {TICK: 58 IP: 4 DA: 3} IR: 0x20000001 ACC: 72 ALU [a:72 b:0 => 72] FLAGS: [Z:0 N:0]  Action: LD 1 
  DEBUG machine:new_tick {TICK: 59 IP: 4 DA: 1} IR: 0x20000001 ACC: 72 ALU [a:72 b:0 => 72] FLAGS: [Z:0 N:0]  Action: LD 1 
  DEBUG machine:new_tick {TICK: 60 IP: 4 DA: 1} IR: 0x20000001 ACC: 111 ALU [a:72 b:0 => 72] FLAGS: [Z:0 N:0]  Action: LD 1 
  DEBUG machine:new_tick {TICK: 61 IP: 5 DA: 4} IR: 0xa8000000 ACC: 111 ALU [a:72 b:0 => 72] FLAGS: [Z:0 N:0]  Action: CMP #0 
  DEBUG machine:new_tick {TICK: 62 IP: 5 DA: 4} IR: 0xa8000000 ACC: 111 ALU [a:111 b:0 => 111] FLAGS: [Z:0 N:0]  Action: CMP #0 
  DEBUG machine:new_tick {TICK: 63 IP: 6 DA: 5} IR: 0xb0000008 ACC: 111 ALU [a:111 b:0 => 111] FLAGS: [Z:0 N:0]  Action: JE 8 
  DEBUG machine:new_tick {TICK: 64 IP: 7 DA: 6} IR: 0x30000002 ACC: 111 ALU [a:111 b:0 => 111] FLAGS: [Z:0 N:0]  Action: ST 2 
  DEBUG machine:new_tick {TICK: 65 IP: 7 DA: 2} IR: 0x30000002 ACC: 111 ALU [a:111 b:0 => 111] FLAGS: [Z:0 N:0]  Action: ST 2 
  DEBUG machine:new_tick {TICK: 66 IP: 7 DA: 2} IR: 0x30000002 ACC: 111 ALU [a:111 b:0 => 111] FLAGS: [Z:0 N:0]  Action: ST 2 
  DEBUG machine:new_tick {TICK: 67 IP: 8 DA: 7} IR: 0xf0000003 ACC: 111 ALU [a:111 b:0 => 111] FLAGS: [Z:0 N:0]  Action: JMP 3 
  DEBUG machine:new_tick {TICK: 68 IP: 3 DA: 7} IR: 0xf0000003 ACC: 111 ALU [a:111 b:0 => 111] FLAGS: [Z:0 N:0]  Action: JMP 3 
  DEBUG machine:new_tick {TICK: 69 IP: 4 DA: 3} IR: 0x20000001 ACC: 111 ALU [a:111 b:0 => 111] FLAGS: [Z:0 N:0]  Action: LD 1 
  DEBUG machine:new_tick {TICK: 70 IP: 4 DA: 1} IR: 0x20000001 ACC: 111 ALU [a:111 b:0 => 111] FLAGS: [Z:0 N:0]  Action: LD 1 
  DEBUG machine:new_tick {TICK: 71 IP: 4 DA: 1} IR: 0x20000001 ACC: 119 ALU [a:111 b:0 => 111] FLAGS: [Z:0 N:0]  Action: LD 1 
  DEBUG machine:new_tick {TICK: 72 IP: 5 DA: 4} IR: 0xa8000000 ACC: 119 ALU [a:111 b:0 => 111] FLAGS: [Z:0 N:0]  Action: CMP #0 
  DEBUG machine:new_tick {TICK: 73 IP: 5 DA: 4} IR: 0xa8000000 ACC: 119 ALU [a:119 b:0 => 119] FLAGS: [Z:0 N:0]  Action: CMP #0 
  DEBUG machine:new_tick {TICK: 74 IP: 6 DA: 5} IR: 0xb0000008 ACC: 119 ALU [a:119 b:0 => 119] FLAGS: [Z:0 N:0]  Action: JE 8 
  DEBUG machine:new_tick {TICK: 75 IP: 7 DA: 6} IR: 0x30000002 ACC: 119 ALU [a:119 b:0 => 119] FLAGS: [Z:0 N:0]  Action: ST 2 
  DEBUG machine:new_tick {TICK: 76 IP: 7 DA: 2} IR: 0x30000002 ACC: 119 ALU [a:119 b:0 => 119] FLAGS: [Z:0 N:0]  Action: ST 2 
  DEBUG machine:new_tick {TICK: 77 IP: 7 DA: 2} IR: 0x30000002 ACC: 119 ALU [a:119 b:0 => 119] FLAGS: [Z:0 N:0]  Action: ST 2 
  DEBUG machine:new_tick {TICK: 78 IP: 8 DA: 7} IR: 0xf0000003 ACC: 119 ALU [a:119 b:0 => 119] FLAGS: [Z:0 N:0]  Action: JMP 3 
  DEBUG machine:new_tick {TICK: 79 IP: 3 DA: 7} IR: 0xf0000003 ACC: 119 ALU [a:119 b:0 => 119] FLAGS: [Z:0 N:0]  Action: JMP 3 
  DEBUG machine:new_tick {TICK: 80 IP: 4 DA: 3} IR: 0x20000001 ACC: 119 ALU [a:119 b:0 => 119] FLAGS: [Z:0 N:0]  Action: LD 1 
  DEBUG machine:new_tick {TICK: 81 IP: 4 DA: 1} IR: 0x20000001 ACC: 119 ALU [a:119 b:0 => 119] FLAGS: [Z:0 N:0]  Action: LD 1 
  DEBUG machine:new_tick {TICK: 82 IP: 4 DA: 1} IR: 0x20000001 ACC: 32 ALU [a:119 b:0 => 119] FLAGS: [Z:0 N:0]  Action: LD 1 
  DEBUG machine:new_tick {TICK: 83 IP: 5 DA: 4} IR: 0xa8000000 ACC: 32 ALU [a:119 b:0 => 119] FLAGS: [Z:0 N:0]  Action: CMP #0 
  DEBUG machine:new_tick {TICK: 84 IP: 5 DA: 4} IR: 0xa8000000 ACC: 32 ALU [a:32 b:0 => 32] FLAGS: [Z:0 N:0]  Action: CMP #0 
  DEBUG machine:new_tick {TICK: 85 IP: 6 DA: 5} IR: 0xb0000008 ACC: 32 ALU [a:32 b:0 => 32] FLAGS: [Z:0 N:0]  Action: JE 8 
  DEBUG machine:new_tick {TICK: 86 IP: 7 DA: 6} IR: 0x30000002 ACC: 32 ALU [a:32 b:0 => 32] FLAGS: [Z:0 N:0]  Action: ST 2 
  DEBUG machine:new_tick {TICK: 87 IP: 7 DA: 2} IR: 0x30000002 ACC: 32 ALU [a:32 b:0 => 32] FLAGS: [Z:0 N:0]  Action: ST 2 
  DEBUG machine:new_tick {TICK: 88 IP: 7 DA: 2} IR: 0x30000002 ACC: 32 ALU [a:32 b:0 => 32] FLAGS: [Z:0 N:0]  Action: ST 2 
  DEBUG machine:new_tick {TICK: 89 IP: 8 DA: 7} IR: 0xf0000003 ACC: 32 ALU [a:32 b:0 => 32] FLAGS: [Z:0 N:0]  Action: JMP 3 
  DEBUG machine:new_tick {TICK: 90 IP: 3 DA: 7} IR: 0xf0000003 ACC: 32 ALU [a:32 b:0 => 32] FLAGS: [Z:0 N:0]  Action: JMP 3 
  DEBUG machine:new_tick {TICK: 91 IP: 4 DA: 3} IR: 0x20000001 ACC: 32 ALU [a:32 b:0 => 32] FLAGS: [Z:0 N:0]  Action: LD 1 
  DEBUG machine:new_tick {TICK: 92 IP: 4 DA: 1} IR: 0x20000001 ACC: 32 ALU [a:32 b:0 => 32] FLAGS: [Z:0 N:0]  Action: LD 1 
  DEBUG machine:new_tick {TICK: 93 IP: 4 DA: 1} IR: 0x20000001 ACC: 97 ALU [a:32 b:0 => 32] FLAGS: [Z:0 N:0]  Action: LD 1 
  DEBUG machine:new_tick {TICK: 94 IP: 5 DA: 4} IR: 0xa8000000 ACC: 97 ALU [a:32 b:0 => 32] FLAGS: [Z:0 N:0]  Action: CMP #0 
  DEBUG machine:new_tick {TICK: 95 IP: 5 DA: 4} IR: 0xa8000000 ACC: 97 ALU [a:97 b:0 => 97] FLAGS: [Z:0 N:0]  Action: CMP #0 
  DEBUG machine:new_tick {TICK: 96 IP: 6 DA: 5} IR: 0xb0000008 ACC: 97 ALU [a:97 b:0 => 97] FLAGS: [Z:0 N:0]  Action: JE 8 
  DEBUG machine:new_tick {TICK: 97 IP: 7 DA: 6} IR: 0x30000002 ACC: 97 ALU [a:97 b:0 => 97] FLAGS: [Z:0 N:0]  Action: ST 2 
  DEBUG machine:new_tick {TICK: 98 IP: 7 DA: 2} IR: 0x30000002 ACC: 97 ALU [a:97 b:0 => 97] FLAGS: [Z:0 N:0]  Action: ST 2 
  DEBUG machine:new_tick {TICK: 99 IP: 7 DA: 2} IR: 0x30000002 ACC: 97 ALU [a:97 b:0 => 97] FLAGS: [Z:0 N:0]  Action: ST 2 
  DEBUG machine:new_tick {TICK: 100 IP: 8 DA: 7} IR: 0xf0000003 ACC: 97 ALU [a:97 b:0 => 97] FLAGS: [Z:0 N:0]  Action: JMP 3 
  DEBUG machine:new_tick {TICK: 101 IP: 3 DA: 7} IR: 0xf0000003 ACC: 97 ALU [a:97 b:0 => 97] FLAGS: [Z:0 N:0]  Action: JMP 3 
  DEBUG machine:new_tick {TICK: 102 IP: 4 DA: 3} IR: 0x20000001 ACC: 97 ALU [a:97 b:0 => 97] FLAGS: [Z:0 N:0]  Action: LD 1 
  DEBUG machine:new_tick {TICK: 103 IP: 4 DA: 1} IR: 0x20000001 ACC: 97 ALU [a:97 b:0 => 97] FLAGS: [Z:0 N:0]  Action: LD 1 
  DEBUG machine:new_tick {TICK: 104 IP: 4 DA: 1} IR: 0x20000001 ACC: 114 ALU [a:97 b:0 => 97] FLAGS: [Z:0 N:0]  Action: LD 1 
  DEBUG machine:new_tick {TICK: 105 IP: 5 DA: 4} IR: 0xa8000000 ACC: 114 ALU [a:97 b:0 => 97] FLAGS: [Z:0 N:0]  Action: CMP #0 
  DEBUG machine:new_tick {TICK: 106 IP: 5 DA: 4} IR: 0xa8000000 ACC: 114 ALU [a:114 b:0 => 114] FLAGS: [Z:0 N:0]  Action: CMP #0 
  DEBUG machine:new_tick {TICK: 107 IP: 6 DA: 5} IR: 0xb0000008 ACC: 114 ALU [a:114 b:0 => 114] FLAGS: [Z:0 N:0]  Action: JE 8 
  DEBUG machine:new_tick {TICK: 108 IP: 7 DA: 6} IR: 0x30000002 ACC: 114 ALU [a:114 b:0 => 114] FLAGS: [Z:0 N:0]  Action: ST 2 
  DEBUG machine:new_tick {TICK: 109 IP: 7 DA: 2} IR: 0x30000002 ACC: 114 ALU [a:114 b:0 => 114] FLAGS: [Z:0 N:0]  Action: ST 2 
  DEBUG machine:new_tick {TICK: 110 IP: 7 DA: 2} IR: 0x30000002 ACC: 114 ALU [a:114 b:0 => 114] FLAGS: [Z:0 N:0]  Action: ST 2 
  DEBUG machine:new_tick {TICK: 111 IP: 8 DA: 7} IR: 0xf0000003 ACC: 114 ALU [a:114 b:0 => 114] FLAGS: [Z:0 N:0]  Action: JMP 3 
  DEBUG machine:new_tick {TICK: 112 IP: 3 DA: 7} IR: 0xf0000003 ACC: 114 ALU [a:114 b:0 => 114] FLAGS: [Z:0 N:0]  Action: JMP 3 
  DEBUG machine:new_tick {TICK: 113 IP: 4 DA: 3} IR: 0x20000001 ACC: 114 ALU [a:114 b:0 => 114] FLAGS: [Z:0 N:0]  Action: LD 1 
  DEBUG machine:new_tick {TICK: 114 IP: 4 DA: 1} IR: 0x20000001 ACC: 114 ALU [a:114 b:0 => 114] FLAGS: [Z:0 N:0]  Action: LD 1 
  DEBUG machine:new_tick {TICK: 115 IP: 4 DA: 1} IR: 0x20000001 ACC: 101 ALU [a:114 b:0 => 114] FLAGS: [Z:0 N:0]  Action: LD 1 
  DEBUG machine:new_tick {TICK: 116 IP: 5 DA: 4} IR: 0xa8000000 ACC: 101 ALU [a:114 b:0 => 114] FLAGS: [Z:0 N:0]  Action: CMP #0 
  DEBUG machine:new_tick {TICK: 117 IP: 5 DA: 4} IR: 0xa8000000 ACC: 101 ALU [a:101 b:0 => 101] FLAGS: [Z:0 N:0]  Action: CMP #0 
  DEBUG machine:new_tick {TICK: 118 IP: 6 DA: 5} IR: 0xb0000008 ACC: 101 ALU [a:101 b:0 => 101] FLAGS: [Z:0 N:0]  Action: JE 8 
  DEBUG machine:new_tick {TICK: 119 IP: 7 DA: 6} IR: 0x30000002 ACC: 101 ALU [a:101 b:0 => 101] FLAGS: [Z:0 N:0]  Action: ST 2 
  DEBUG machine:new_tick {TICK: 120 IP: 7 DA: 2} IR: 0x30000002 ACC: 101 ALU [a:101 b:0 => 101] FLAGS: [Z:0 N:0]  Action: ST 2 
  DEBUG machine:new_tick {TICK: 121 IP: 7 DA: 2} IR: 0x30000002 ACC: 101 ALU [a:101 b:0 => 101] FLAGS: [Z:0 N:0]  Action: ST 2 
  DEBUG machine:new_tick {TICK: 122 IP: 8 DA: 7} IR: 0xf0000003 ACC: 101 ALU [a:101 b:0 => 101] FLAGS: [Z:0 N:0]  Action: JMP 3 
  DEBUG machine:new_tick {TICK: 123 IP: 3 DA: 7} IR: 0xf0000003 ACC: 101 ALU [a:101 b:0 => 101] FLAGS: [Z:0 N:0]  Action: JMP 3 
  DEBUG machine:new_tick {TICK: 124 IP: 4 DA: 3} IR: 0x20000001 ACC: 101 ALU [a:101 b:0 => 101] FLAGS: [Z:0 N:0]  Action: LD 1 
  DEBUG machine:new_tick {TICK: 125 IP: 4 DA: 1} IR: 0x20000001 ACC: 101 ALU [a:101 b:0 => 101] FLAGS: [Z:0 N:0]  Action: LD 1 
  DEBUG machine:new_tick {TICK: 126 IP: 4 DA: 1} IR: 0x20000001 ACC: 32 ALU [a:101 b:0 => 101] FLAGS: [Z:0 N:0]  Action: LD 1 
  DEBUG machine:new_tick {TICK: 127 IP: 5 DA: 4} IR: 0xa8000000 ACC: 32 ALU [a:101 b:0 => 101] FLAGS: [Z:0 N:0]  Action: CMP #0 
  DEBUG machine:new_tick {TICK: 128 IP: 5 DA: 4} IR: 0xa8000000 ACC: 32 ALU [a:32 b:0 => 32] FLAGS: [Z:0 N:0]  Action: CMP #0 
  DEBUG machine:new_tick {TICK: 129 IP: 6 DA: 5} IR: 0xb0000008 ACC: 32 ALU [a:32 b:0 => 32] FLAGS: [Z:0 N:0]  Action: JE 8 
  DEBUG machine:new_tick {TICK: 130 IP: 7 DA: 6} IR: 0x30000002 ACC: 32 ALU [a:32 b:0 => 32] FLAGS: [Z:0 N:0]  Action: ST 2 
  DEBUG machine:new_tick {TICK: 131 IP: 7 DA: 2} IR: 0x30000002 ACC: 32 ALU [a:32 b:0 => 32] FLAGS: [Z:0 N:0]  Action: ST 2 
  DEBUG machine:new_tick {TICK: 132 IP: 7 DA: 2} IR: 0x30000002 ACC: 32 ALU [a:32 b:0 => 32] FLAGS: [Z:0 N:0]  Action: ST 2 
  DEBUG machine:new_tick {TICK: 133 IP: 8 DA: 7} IR: 0xf0000003 ACC: 32 ALU [a:32 b:0 => 32] FLAGS: [Z:0 N:0]  Action: JMP 3 
  DEBUG machine:new_tick {TICK: 134 IP: 3 DA: 7} IR: 0xf0000003 ACC: 32 ALU [a:32 b:0 => 32] FLAGS: [Z:0 N:0]  Action: JMP 3 
  DEBUG machine:new_tick {TICK: 135 IP: 4 DA: 3} IR: 0x20000001 ACC: 32 ALU [a:32 b:0 => 32] FLAGS: [Z:0 N:0]  Action: LD 1 
  DEBUG machine:new_tick {TICK: 136 IP: 4 DA: 1} IR: 0x20000001 ACC: 32 ALU [a:32 b:0 => 32] FLAGS: [Z:0 N:0]  Action: LD 1 
  DEBUG machine:new_tick {TICK: 137 IP: 4 DA: 1} IR: 0x20000001 ACC: 121 ALU [a:32 b:0 => 32] FLAGS: [Z:0 N:0]  Action: LD 1 
  DEBUG machine:new_tick {TICK: 138 IP: 5 DA: 4} IR: 0xa8000000 ACC: 121 ALU [a:32 b:0 => 32] FLAGS: [Z:0 N:0]  Action: CMP #0 
  DEBUG machine:new_tick {TICK: 139 IP: 5 DA: 4} IR: 0xa8000000 ACC: 121 ALU [a:121 b:0 => 121] FLAGS: [Z:0 N:0]  Action: CMP #0 
  DEBUG machine:new_tick {TICK: 140 IP: 6 DA: 5} IR: 0xb0000008 ACC: 121 ALU [a:121 b:0 => 121] FLAGS: [Z:0 N:0]  Action: JE 8 
  DEBUG machine:new_tick {TICK: 141 IP: 7 DA: 6} IR: 0x30000002 ACC: 121 ALU [a:121 b:0 => 121] FLAGS: [Z:0 N:0]  Action: ST 2 
  DEBUG machine:new_tick {TICK: 142 IP: 7 DA: 2} IR: 0x30000002 ACC: 121 ALU [a:121 b:0 => 121] FLAGS: [Z:0 N:0]  Action: ST 2 
  DEBUG machine:new_tick {TICK: 143 IP: 7 DA: 2} IR: 0x30000002 ACC: 121 ALU [a:121 b:0 => 121] FLAGS: [Z:0 N:0]  Action: ST 2 
  DEBUG machine:new_tick {TICK: 144 IP: 8 DA: 7} IR: 0xf0000003 ACC: 121 ALU [a:121 b:0 => 121] FLAGS: [Z:0 N:0]  Action: JMP 3 
  DEBUG machine:new_tick {TICK: 145 IP: 3 DA: 7} IR: 0xf0000003 ACC: 121 ALU [a:121 b:0 => 121] FLAGS: [Z:0 N:0]  Action: JMP 3 
  DEBUG machine:new_tick {TICK: 146 IP: 4 DA: 3} IR: 0x20000001 ACC: 121 ALU [a:121 b:0 => 121] FLAGS: [Z:0 N:0]  Action: LD 1 
  DEBUG machine:new_tick {TICK: 147 IP: 4 DA: 1} IR: 0x20000001 ACC: 121 ALU [a:121 b:0 => 121] FLAGS: [Z:0 N:0]  Action: LD 1 
  DEBUG machine:new_tick {TICK: 148 IP: 4 DA: 1} IR: 0x20000001 ACC: 111 ALU [a:121 b:0 => 121] FLAGS: [Z:0 N:0]  Action: LD 1 
  DEBUG machine:new_tick {TICK: 149 IP: 5 DA: 4} IR: 0xa8000000 ACC: 111 ALU [a:121 b:0 => 121] FLAGS: [Z:0 N:0]  Action: CMP #0 
  DEBUG machine:new_tick {TICK: 150 IP: 5 DA: 4} IR: 0xa8000000 ACC: 111 ALU [a:111 b:0 => 111] FLAGS: [Z:0 N:0]  Action: CMP #0 
  DEBUG machine:new_tick {TICK: 151 IP: 6 DA: 5} IR: 0xb0000008 ACC: 111 ALU [a:111 b:0 => 111] FLAGS: [Z:0 N:0]  Action: JE 8 
  DEBUG machine:new_tick {TICK: 152 IP: 7 DA: 6} IR: 0x30000002 ACC: 111 ALU [a:111 b:0 => 111] FLAGS: [Z:0 N:0]  Action: ST 2 
  DEBUG machine:new_tick {TICK: 153 IP: 7 DA: 2} IR: 0x30000002 ACC: 111 ALU [a:111 b:0 => 111] FLAGS: [Z:0 N:0]  Action: ST 2 
  DEBUG machine:new_tick {TICK: 154 IP: 7 DA: 2} IR: 0x30000002 ACC: 111 ALU [a:111 b:0 => 111] FLAGS: [Z:0 N:0]  Action: ST 2 
  DEBUG machine:new_tick {TICK: 155 IP: 8 DA: 7} IR: 0xf0000003 ACC: 111 ALU [a:111 b:0 => 111] FLAGS: [Z:0 N:0]  Action: JMP 3 
  DEBUG machine:new_tick {TICK: 156 IP: 3 DA: 7} IR: 0xf0000003 ACC: 111 ALU [a:111 b:0 => 111] FLAGS: [Z:0 N:0]  Action: JMP 3 
  DEBUG machine:new_tick {TICK: 157 IP: 4 DA: 3} IR: 0x20000001 ACC: 111 ALU [a:111 b:0 => 111] FLAGS: [Z:0 N:0]  Action: LD 1 
  DEBUG machine:new_tick {TICK: 158 IP: 4 DA: 1} IR: 0x20000001 ACC: 111 ALU [a:111 b:0 => 111] FLAGS: [Z:0 N:0]  Action: LD 1 
  DEBUG machine:new_tick {TICK: 159 IP: 4 DA: 1} IR: 0x20000001 ACC: 117 ALU [a:111 b:0 => 111] FLAGS: [Z:0 N:0]  Action: LD 1 
  DEBUG machine:new_tick {TICK: 160 IP: 5 DA: 4} IR: 0xa8000000 ACC: 117 ALU [a:111 b:0 => 111] FLAGS: [Z:0 N:0]  Action: CMP #0 
  DEBUG machine:new_tick {TICK: 161 IP: 5 DA: 4} IR: 0xa8000000 ACC: 117 ALU [a:117 b:0 => 117] FLAGS: [Z:0 N:0]  Action: CMP #0 
  DEBUG machine:new_tick {TICK: 162 IP: 6 DA: 5} IR: 0xb0000008 ACC: 117 ALU [a:117 b:0 => 117] FLAGS: [Z:0 N:0]  Action: JE 8 
  DEBUG machine:new_tick {TICK: 163 IP: 7 DA: 6} IR: 0x30000002 ACC: 117 ALU [a:117 b:0 => 117] FLAGS: [Z:0 N:0]  Action: ST 2 
  DEBUG machine:new_tick {TICK: 164 IP: 7 DA: 2} IR: 0x30000002 ACC: 117 ALU [a:117 b:0 => 117] FLAGS: [Z:0 N:0]  Action: ST 2 
  DEBUG machine:new_tick {TICK: 165 IP: 7 DA: 2} IR: 0x30000002 ACC: 117 ALU [a:117 b:0 => 117] FLAGS: [Z:0 N:0]  Action: ST 2 
  DEBUG machine:new_tick {TICK: 166 IP: 8 DA: 7} IR: 0xf0000003 ACC: 117 ALU [a:117 b:0 => 117] FLAGS: [Z:0 N:0]  Action: JMP 3 
  DEBUG machine:new_tick {TICK: 167 IP: 3 DA: 7} IR: 0xf0000003 ACC: 117 ALU [a:117 b:0 => 117] FLAGS: [Z:0 N:0]  Action: JMP 3 
  DEBUG machine:new_tick {TICK: 168 IP: 4 DA: 3} IR: 0x20000001 ACC: 117 ALU [a:117 b:0 => 117] FLAGS: [Z:0 N:0]  Action: LD 1 
  DEBUG machine:new_tick {TICK: 169 IP: 4 DA: 1} IR: 0x20000001 ACC: 117 ALU [a:117 b:0 => 117] FLAGS: [Z:0 N:0]  Action: LD 1 
  DEBUG machine:new_tick {TICK: 170 IP: 4 DA: 1} IR: 0x20000001 ACC: 63 ALU [a:117 b:0 => 117] FLAGS: [Z:0 N:0]  Action: LD 1 
  DEBUG machine:new_tick {TICK: 171 IP: 5 DA: 4} IR: 0xa8000000 ACC: 63 ALU [a:117 b:0 => 117] FLAGS: [Z:0 N:0]  Action: CMP #0 
  DEBUG machine:new_tick {TICK: 172 IP: 5 DA: 4} IR: 0xa8000000 ACC: 63 ALU [a:63 b:0 => 63] FLAGS: [Z:0 N:0]  Action: CMP #0 
  DEBUG machine:new_tick {TICK: 173 IP: 6 DA: 5} IR: 0xb0000008 ACC: 63 ALU [a:63 b:0 => 63] FLAGS: [Z:0 N:0]  Action: JE 8 
  DEBUG machine:new_tick {TICK: 174 IP: 7 DA: 6} IR: 0x30000002 ACC: 63 ALU [a:63 b:0 => 63] FLAGS: [Z:0 N:0]  Action: ST 2 
  DEBUG machine:new_tick {TICK: 175 IP: 7 DA: 2} IR: 0x30000002 ACC: 63 ALU [a:63 b:0 => 63] FLAGS: [Z:0 N:0]  Action: ST 2 
  DEBUG machine:new_tick {TICK: 176 IP: 7 DA: 2} IR: 0x30000002 ACC: 63 ALU [a:63 b:0 => 63] FLAGS: [Z:0 N:0]  Action: ST 2 
  DEBUG machine:new_tick {TICK: 177 IP: 8 DA: 7} IR: 0xf0000003 ACC: 63 ALU [a:63 b:0 => 63] FLAGS: [Z:0 N:0]  Action: JMP 3 
  DEBUG machine:new_tick {TICK: 178 IP: 3 DA: 7} IR: 0xf0000003 ACC: 63 ALU [a:63 b:0 => 63] FLAGS: [Z:0 N:0]  Action: JMP 3 
  DEBUG machine:new_tick {TICK: 179 IP: 4 DA: 3} IR: 0x20000001 ACC: 63 ALU [a:63 b:0 => 63] FLAGS: [Z:0 N:0]  Action: LD 1 
  DEBUG machine:new_tick {TICK: 180 IP: 4 DA: 1} IR: 0x20000001 ACC: 63 ALU [a:63 b:0 => 63] FLAGS: [Z:0 N:0]  Action: LD 1 
  DEBUG machine:new_tick {TICK: 181 IP: 4 DA: 1} IR: 0x20000001 ACC: 10 ALU [a:63 b:0 => 63] FLAGS: [Z:0 N:0]  Action: LD 1 
  DEBUG machine:new_tick {TICK: 182 IP: 5 DA: 4} IR: 0xa8000000 ACC: 10 ALU [a:63 b:0 => 63] FLAGS: [Z:0 N:0]  Action: CMP #0 
  DEBUG machine:new_tick {TICK: 183 IP: 5 DA: 4} IR: 0xa8000000 ACC: 10 ALU [a:10 b:0 => 10] FLAGS: [Z:0 N:0]  Action: CMP #0 
  DEBUG machine:new_tick {TICK: 184 IP: 6 DA: 5} IR: 0xb0000008 ACC: 10 ALU [a:10 b:0 => 10] FLAGS: [Z:0 N:0]  Action: JE 8 
  DEBUG machine:new_tick {TICK: 185 IP: 7 DA: 6} IR: 0x30000002 ACC: 10 ALU [a:10 b:0 => 10] FLAGS: [Z:0 N:0]  Action: ST 2 
  DEBUG machine:new_tick {TICK: 186 IP: 7 DA: 2} IR: 0x30000002 ACC: 10 ALU [a:10 b:0 => 10] FLAGS: [Z:0 N:0]  Action: ST 2 
  DEBUG machine:new_tick {TICK: 187 IP: 7 DA: 2} IR: 0x30000002 ACC: 10 ALU [a:10 b:0 => 10] FLAGS: [Z:0 N:0]  Action: ST 2 
  DEBUG machine:new_tick {TICK: 188 IP: 8 DA: 7} IR: 0xf0000003 ACC: 10 ALU [a:10 b:0 => 10] FLAGS: [Z:0 N:0]  Action: JMP 3 
  DEBUG machine:new_tick {TICK: 189 IP: 3 DA: 7} IR: 0xf0000003 ACC: 10 ALU [a:10 b:0 => 10] FLAGS: [Z:0 N:0]  Action: JMP 3 
  DEBUG machine:new_tick {TICK: 190 IP: 4 DA: 3} IR: 0x20000001 ACC: 10 ALU [a:10 b:0 => 10] FLAGS: [Z:0 N:0]  Action: LD 1 
  DEBUG machine:new_tick {TICK: 191 IP: 4 DA: 1} IR: 0x20000001 ACC: 10 ALU [a:10 b:0 => 10] FLAGS: [Z:0 N:0]  Action: LD 1 
  DEBUG machine:new_tick {TICK: 192 IP: 4 DA: 1} IR: 0x20000001 ACC: 0 ALU [a:10 b:0 => 10] FLAGS: [Z:0 N:0]  Action: LD 1 
  DEBUG machine:new_tick {TICK: 193 IP: 5 DA: 4} IR: 0xa8000000 ACC: 0 ALU [a:10 b:0 => 10] FLAGS: [Z:0 N:0]  Action: CMP #0 
  DEBUG machine:new_tick {TICK: 194 IP: 5 DA: 4} IR: 0xa8000000 ACC: 0 ALU [a:0 b:0 => 0] FLAGS: [Z:1 N:0]  Action: CMP #0 
  DEBUG machine:new_tick {TICK: 195 IP: 6 DA: 5} IR: 0xb0000008 ACC: 0 ALU [a:0 b:0 => 0] FLAGS: [Z:1 N:0]  Action: JE 8 
  DEBUG machine:new_tick {TICK: 196 IP: 8 DA: 5} IR: 0xb0000008 ACC: 0 ALU [a:0 b:0 => 0] FLAGS: [Z:1 N:0]  Action: JE 8 
  DEBUG machine:new_tick {TICK: 197 IP: 9 DA: 8} IR: 0x10000000 ACC: 0 ALU [a:0 b:0 => 0] FLAGS: [Z:1 N:0]  Action: HLT
  DEBUG machine:simulation Memory after stop
  JMP 3 
  NOP 0 
  NOP 10 
  LD 1 
  CMP #0 
  JE 8 
  ST 2 
  JMP 3 
  HLT

output: |
  Размер бинарного файла: 36 байта, что равняется 9 ячейкам
  JMP "3 
      "#0 
      "#0 
   LD "1 
  CMP "#0 
   JE "8 
   ST "2 
  JMP "3 
  HLT " 
  ============================================================
  Hi! How are you?

  instr_counter:  89 ticks: 198
